
> viva-experiencias-landing-page@0.1.0 build
> next build

node.exe : 'next' não 
é reconhecido como um 
comando interno
No C:\Users\vieri\AppDa
ta\Roaming\npm\npm.ps1:
24 caractere:5
+     & "node$exe"  "$b
asedir/node_modules/npm
/bin/npm-cli.js" $args
+     ~~~~~~~~~~~~~~~~~
~~~~~~~~~~~~~~~~~~~~~~~
~~~~~~~~~~~~~~~~~~~~~~
    + CategoryInfo     
         : NotSpecifi  
  ed: ('next' não é    
 re...comando inter    
no:String) [], Rem    
oteException
    + FullyQualifiedEr 
   rorId : NativeComm  
  andError
 
ou externo, um 
programa operável ou 
um arquivo em lotes.
