error TS2688: Cannot find type definition file for 'd3-color'.
  The file is in the program because:
    Entry point for implicit type library 'd3-color'
error TS2688: Cannot find type definition file for 'd3-path'.
  The file is in the program because:
    Entry point for implicit type library 'd3-path'
